log file /etc/frr/frr.log 
log timestamp precision 3
hostname hostname
ip nht resolve-via-default
ipv6 nht resolve-via-default

route-map allowall permit 1
router bgp 64512
  no bgp ebgp-requires-policy
  no bgp network import-check
  no bgp default ipv4-unicast
  neighbor 192.168.1.2 remote-as 64512
  
  
  
  neighbor 192.168.1.2 bfd

  address-family ipv4 unicast
    neighbor 192.168.1.2 activate
    neighbor 192.168.1.2 allowas-in
  exit-address-family
  address-family ipv4 unicast
    network 100.64.0.1/32
  exit-address-family

  address-family l2vpn evpn
    neighbor 192.168.1.2 activate
    neighbor 192.168.1.2 allowas-in
    advertise-all-vni
    advertise-svi-ip
  exit-address-family
